
Note: No compatibility mode selected!


Circuit: *lib "$PDK_ROOT/sky130A/libs.tech/ngspice/sky130.lib.spice" tt

Doing analysis at TEMP = -45.000000 and TNOM = 27.000000

Using SPARSE 1.3 as Direct Linear Solver

No. of Data Rows : 1
Reset re-loads circuit *lib "$PDK_ROOT/sky130A/libs.tech/ngspice/sky130.lib.spice" tt

Circuit: *lib "$PDK_ROOT/sky130A/libs.tech/ngspice/sky130.lib.spice" tt

Doing analysis at TEMP = -44.000000 and TNOM = 27.000000

Using SPARSE 1.3 as Direct Linear Solver

No. of Data Rows : 1
Reset re-loads circuit *lib "$PDK_ROOT/sky130A/libs.tech/ngspice/sky130.lib.spice" tt

Circuit: *lib "$PDK_ROOT/sky130A/libs.tech/ngspice/sky130.lib.spice" tt

Doing analysis at TEMP = -43.000000 and TNOM = 27.000000

Using SPARSE 1.3 as Direct Linear Solver

No. of Data Rows : 1
Reset re-loads circuit *lib "$PDK_ROOT/sky130A/libs.tech/ngspice/sky130.lib.spice" tt

Circuit: *lib "$PDK_ROOT/sky130A/libs.tech/ngspice/sky130.lib.spice" tt

Doing analysis at TEMP = -42.000000 and TNOM = 27.000000

Using SPARSE 1.3 as Direct Linear Solver

No. of Data Rows : 1
Reset re-loads circuit *lib "$PDK_ROOT/sky130A/libs.tech/ngspice/sky130.lib.spice" tt

Circuit: *lib "$PDK_ROOT/sky130A/libs.tech/ngspice/sky130.lib.spice" tt

Doing analysis at TEMP = -41.000000 and TNOM = 27.000000

Using SPARSE 1.3 as Direct Linear Solver

No. of Data Rows : 1
Reset re-loads circuit *lib "$PDK_ROOT/sky130A/libs.tech/ngspice/sky130.lib.spice" tt

Circuit: *lib "$PDK_ROOT/sky130A/libs.tech/ngspice/sky130.lib.spice" tt

Doing analysis at TEMP = -40.000000 and TNOM = 27.000000

Using SPARSE 1.3 as Direct Linear Solver

No. of Data Rows : 1
Reset re-loads circuit *lib "$PDK_ROOT/sky130A/libs.tech/ngspice/sky130.lib.spice" tt

Circuit: *lib "$PDK_ROOT/sky130A/libs.tech/ngspice/sky130.lib.spice" tt

Doing analysis at TEMP = -39.000000 and TNOM = 27.000000

Using SPARSE 1.3 as Direct Linear Solver

No. of Data Rows : 1
Reset re-loads circuit *lib "$PDK_ROOT/sky130A/libs.tech/ngspice/sky130.lib.spice" tt

Circuit: *lib "$PDK_ROOT/sky130A/libs.tech/ngspice/sky130.lib.spice" tt

Doing analysis at TEMP = -38.000000 and TNOM = 27.000000

Using SPARSE 1.3 as Direct Linear Solver

No. of Data Rows : 1
Reset re-loads circuit *lib "$PDK_ROOT/sky130A/libs.tech/ngspice/sky130.lib.spice" tt

Circuit: *lib "$PDK_ROOT/sky130A/libs.tech/ngspice/sky130.lib.spice" tt

Doing analysis at TEMP = -37.000000 and TNOM = 27.000000

Using SPARSE 1.3 as Direct Linear Solver

No. of Data Rows : 1
Reset re-loads circuit *lib "$PDK_ROOT/sky130A/libs.tech/ngspice/sky130.lib.spice" tt

Circuit: *lib "$PDK_ROOT/sky130A/libs.tech/ngspice/sky130.lib.spice" tt

Doing analysis at TEMP = -36.000000 and TNOM = 27.000000

Using SPARSE 1.3 as Direct Linear Solver

No. of Data Rows : 1
Reset re-loads circuit *lib "$PDK_ROOT/sky130A/libs.tech/ngspice/sky130.lib.spice" tt

Circuit: *lib "$PDK_ROOT/sky130A/libs.tech/ngspice/sky130.lib.spice" tt

Doing analysis at TEMP = -35.000000 and TNOM = 27.000000

Using SPARSE 1.3 as Direct Linear Solver

No. of Data Rows : 1
Reset re-loads circuit *lib "$PDK_ROOT/sky130A/libs.tech/ngspice/sky130.lib.spice" tt

Circuit: *lib "$PDK_ROOT/sky130A/libs.tech/ngspice/sky130.lib.spice" tt

Doing analysis at TEMP = -34.000000 and TNOM = 27.000000

Using SPARSE 1.3 as Direct Linear Solver

No. of Data Rows : 1
Reset re-loads circuit *lib "$PDK_ROOT/sky130A/libs.tech/ngspice/sky130.lib.spice" tt

Circuit: *lib "$PDK_ROOT/sky130A/libs.tech/ngspice/sky130.lib.spice" tt

Doing analysis at TEMP = -33.000000 and TNOM = 27.000000

Using SPARSE 1.3 as Direct Linear Solver

No. of Data Rows : 1
Reset re-loads circuit *lib "$PDK_ROOT/sky130A/libs.tech/ngspice/sky130.lib.spice" tt

Circuit: *lib "$PDK_ROOT/sky130A/libs.tech/ngspice/sky130.lib.spice" tt

Doing analysis at TEMP = -32.000000 and TNOM = 27.000000

Using SPARSE 1.3 as Direct Linear Solver

No. of Data Rows : 1
Reset re-loads circuit *lib "$PDK_ROOT/sky130A/libs.tech/ngspice/sky130.lib.spice" tt

Circuit: *lib "$PDK_ROOT/sky130A/libs.tech/ngspice/sky130.lib.spice" tt

Doing analysis at TEMP = -31.000000 and TNOM = 27.000000

Using SPARSE 1.3 as Direct Linear Solver

No. of Data Rows : 1
Reset re-loads circuit *lib "$PDK_ROOT/sky130A/libs.tech/ngspice/sky130.lib.spice" tt

Circuit: *lib "$PDK_ROOT/sky130A/libs.tech/ngspice/sky130.lib.spice" tt

Doing analysis at TEMP = -30.000000 and TNOM = 27.000000

Using SPARSE 1.3 as Direct Linear Solver

No. of Data Rows : 1
Reset re-loads circuit *lib "$PDK_ROOT/sky130A/libs.tech/ngspice/sky130.lib.spice" tt

Circuit: *lib "$PDK_ROOT/sky130A/libs.tech/ngspice/sky130.lib.spice" tt

Doing analysis at TEMP = -29.000000 and TNOM = 27.000000

Using SPARSE 1.3 as Direct Linear Solver

No. of Data Rows : 1
Reset re-loads circuit *lib "$PDK_ROOT/sky130A/libs.tech/ngspice/sky130.lib.spice" tt

Circuit: *lib "$PDK_ROOT/sky130A/libs.tech/ngspice/sky130.lib.spice" tt

Doing analysis at TEMP = -28.000000 and TNOM = 27.000000

Using SPARSE 1.3 as Direct Linear Solver

No. of Data Rows : 1
Reset re-loads circuit *lib "$PDK_ROOT/sky130A/libs.tech/ngspice/sky130.lib.spice" tt

Circuit: *lib "$PDK_ROOT/sky130A/libs.tech/ngspice/sky130.lib.spice" tt

Doing analysis at TEMP = -27.000000 and TNOM = 27.000000

Using SPARSE 1.3 as Direct Linear Solver

No. of Data Rows : 1
Reset re-loads circuit *lib "$PDK_ROOT/sky130A/libs.tech/ngspice/sky130.lib.spice" tt

Circuit: *lib "$PDK_ROOT/sky130A/libs.tech/ngspice/sky130.lib.spice" tt

Doing analysis at TEMP = -26.000000 and TNOM = 27.000000

Using SPARSE 1.3 as Direct Linear Solver

No. of Data Rows : 1
Reset re-loads circuit *lib "$PDK_ROOT/sky130A/libs.tech/ngspice/sky130.lib.spice" tt

Circuit: *lib "$PDK_ROOT/sky130A/libs.tech/ngspice/sky130.lib.spice" tt

Doing analysis at TEMP = -25.000000 and TNOM = 27.000000

Using SPARSE 1.3 as Direct Linear Solver

No. of Data Rows : 1
Reset re-loads circuit *lib "$PDK_ROOT/sky130A/libs.tech/ngspice/sky130.lib.spice" tt

Circuit: *lib "$PDK_ROOT/sky130A/libs.tech/ngspice/sky130.lib.spice" tt

Doing analysis at TEMP = -24.000000 and TNOM = 27.000000

Using SPARSE 1.3 as Direct Linear Solver

No. of Data Rows : 1
Reset re-loads circuit *lib "$PDK_ROOT/sky130A/libs.tech/ngspice/sky130.lib.spice" tt

Circuit: *lib "$PDK_ROOT/sky130A/libs.tech/ngspice/sky130.lib.spice" tt

Doing analysis at TEMP = -23.000000 and TNOM = 27.000000

Using SPARSE 1.3 as Direct Linear Solver

No. of Data Rows : 1
Reset re-loads circuit *lib "$PDK_ROOT/sky130A/libs.tech/ngspice/sky130.lib.spice" tt

Circuit: *lib "$PDK_ROOT/sky130A/libs.tech/ngspice/sky130.lib.spice" tt

Doing analysis at TEMP = -22.000000 and TNOM = 27.000000

Using SPARSE 1.3 as Direct Linear Solver

No. of Data Rows : 1
Reset re-loads circuit *lib "$PDK_ROOT/sky130A/libs.tech/ngspice/sky130.lib.spice" tt

Circuit: *lib "$PDK_ROOT/sky130A/libs.tech/ngspice/sky130.lib.spice" tt

Doing analysis at TEMP = -21.000000 and TNOM = 27.000000

Using SPARSE 1.3 as Direct Linear Solver

No. of Data Rows : 1
Reset re-loads circuit *lib "$PDK_ROOT/sky130A/libs.tech/ngspice/sky130.lib.spice" tt

Circuit: *lib "$PDK_ROOT/sky130A/libs.tech/ngspice/sky130.lib.spice" tt

Doing analysis at TEMP = -20.000000 and TNOM = 27.000000

Using SPARSE 1.3 as Direct Linear Solver

No. of Data Rows : 1
Reset re-loads circuit *lib "$PDK_ROOT/sky130A/libs.tech/ngspice/sky130.lib.spice" tt

Circuit: *lib "$PDK_ROOT/sky130A/libs.tech/ngspice/sky130.lib.spice" tt

Doing analysis at TEMP = -19.000000 and TNOM = 27.000000

Using SPARSE 1.3 as Direct Linear Solver

No. of Data Rows : 1
Reset re-loads circuit *lib "$PDK_ROOT/sky130A/libs.tech/ngspice/sky130.lib.spice" tt

Circuit: *lib "$PDK_ROOT/sky130A/libs.tech/ngspice/sky130.lib.spice" tt

Doing analysis at TEMP = -18.000000 and TNOM = 27.000000

Using SPARSE 1.3 as Direct Linear Solver

No. of Data Rows : 1
Reset re-loads circuit *lib "$PDK_ROOT/sky130A/libs.tech/ngspice/sky130.lib.spice" tt

Circuit: *lib "$PDK_ROOT/sky130A/libs.tech/ngspice/sky130.lib.spice" tt

Doing analysis at TEMP = -17.000000 and TNOM = 27.000000

Using SPARSE 1.3 as Direct Linear Solver

No. of Data Rows : 1
Reset re-loads circuit *lib "$PDK_ROOT/sky130A/libs.tech/ngspice/sky130.lib.spice" tt

Circuit: *lib "$PDK_ROOT/sky130A/libs.tech/ngspice/sky130.lib.spice" tt

Doing analysis at TEMP = -16.000000 and TNOM = 27.000000

Using SPARSE 1.3 as Direct Linear Solver

No. of Data Rows : 1
Reset re-loads circuit *lib "$PDK_ROOT/sky130A/libs.tech/ngspice/sky130.lib.spice" tt

Circuit: *lib "$PDK_ROOT/sky130A/libs.tech/ngspice/sky130.lib.spice" tt

Doing analysis at TEMP = -15.000000 and TNOM = 27.000000

Using SPARSE 1.3 as Direct Linear Solver

No. of Data Rows : 1
Reset re-loads circuit *lib "$PDK_ROOT/sky130A/libs.tech/ngspice/sky130.lib.spice" tt

Circuit: *lib "$PDK_ROOT/sky130A/libs.tech/ngspice/sky130.lib.spice" tt

Doing analysis at TEMP = -14.000000 and TNOM = 27.000000

Using SPARSE 1.3 as Direct Linear Solver

No. of Data Rows : 1
Reset re-loads circuit *lib "$PDK_ROOT/sky130A/libs.tech/ngspice/sky130.lib.spice" tt

Circuit: *lib "$PDK_ROOT/sky130A/libs.tech/ngspice/sky130.lib.spice" tt

Doing analysis at TEMP = -13.000000 and TNOM = 27.000000

Using SPARSE 1.3 as Direct Linear Solver

No. of Data Rows : 1
Reset re-loads circuit *lib "$PDK_ROOT/sky130A/libs.tech/ngspice/sky130.lib.spice" tt

Circuit: *lib "$PDK_ROOT/sky130A/libs.tech/ngspice/sky130.lib.spice" tt

Doing analysis at TEMP = -12.000000 and TNOM = 27.000000

Using SPARSE 1.3 as Direct Linear Solver

No. of Data Rows : 1
Reset re-loads circuit *lib "$PDK_ROOT/sky130A/libs.tech/ngspice/sky130.lib.spice" tt

Circuit: *lib "$PDK_ROOT/sky130A/libs.tech/ngspice/sky130.lib.spice" tt

Doing analysis at TEMP = -11.000000 and TNOM = 27.000000

Using SPARSE 1.3 as Direct Linear Solver

No. of Data Rows : 1
Reset re-loads circuit *lib "$PDK_ROOT/sky130A/libs.tech/ngspice/sky130.lib.spice" tt

Circuit: *lib "$PDK_ROOT/sky130A/libs.tech/ngspice/sky130.lib.spice" tt

Doing analysis at TEMP = -10.000000 and TNOM = 27.000000

Using SPARSE 1.3 as Direct Linear Solver

No. of Data Rows : 1
Reset re-loads circuit *lib "$PDK_ROOT/sky130A/libs.tech/ngspice/sky130.lib.spice" tt

Circuit: *lib "$PDK_ROOT/sky130A/libs.tech/ngspice/sky130.lib.spice" tt

Doing analysis at TEMP = -9.000000 and TNOM = 27.000000

Using SPARSE 1.3 as Direct Linear Solver

No. of Data Rows : 1
Reset re-loads circuit *lib "$PDK_ROOT/sky130A/libs.tech/ngspice/sky130.lib.spice" tt

Circuit: *lib "$PDK_ROOT/sky130A/libs.tech/ngspice/sky130.lib.spice" tt

Doing analysis at TEMP = -8.000000 and TNOM = 27.000000

Using SPARSE 1.3 as Direct Linear Solver

No. of Data Rows : 1
Reset re-loads circuit *lib "$PDK_ROOT/sky130A/libs.tech/ngspice/sky130.lib.spice" tt

Circuit: *lib "$PDK_ROOT/sky130A/libs.tech/ngspice/sky130.lib.spice" tt

Doing analysis at TEMP = -7.000000 and TNOM = 27.000000

Using SPARSE 1.3 as Direct Linear Solver

No. of Data Rows : 1
Reset re-loads circuit *lib "$PDK_ROOT/sky130A/libs.tech/ngspice/sky130.lib.spice" tt

Circuit: *lib "$PDK_ROOT/sky130A/libs.tech/ngspice/sky130.lib.spice" tt

Doing analysis at TEMP = -6.000000 and TNOM = 27.000000

Using SPARSE 1.3 as Direct Linear Solver

No. of Data Rows : 1
Reset re-loads circuit *lib "$PDK_ROOT/sky130A/libs.tech/ngspice/sky130.lib.spice" tt

Circuit: *lib "$PDK_ROOT/sky130A/libs.tech/ngspice/sky130.lib.spice" tt

Doing analysis at TEMP = -5.000000 and TNOM = 27.000000

Using SPARSE 1.3 as Direct Linear Solver

No. of Data Rows : 1
Reset re-loads circuit *lib "$PDK_ROOT/sky130A/libs.tech/ngspice/sky130.lib.spice" tt

Circuit: *lib "$PDK_ROOT/sky130A/libs.tech/ngspice/sky130.lib.spice" tt

Doing analysis at TEMP = -4.000000 and TNOM = 27.000000

Using SPARSE 1.3 as Direct Linear Solver

No. of Data Rows : 1
Reset re-loads circuit *lib "$PDK_ROOT/sky130A/libs.tech/ngspice/sky130.lib.spice" tt

Circuit: *lib "$PDK_ROOT/sky130A/libs.tech/ngspice/sky130.lib.spice" tt

Doing analysis at TEMP = -3.000000 and TNOM = 27.000000

Using SPARSE 1.3 as Direct Linear Solver

No. of Data Rows : 1
Reset re-loads circuit *lib "$PDK_ROOT/sky130A/libs.tech/ngspice/sky130.lib.spice" tt

Circuit: *lib "$PDK_ROOT/sky130A/libs.tech/ngspice/sky130.lib.spice" tt

Doing analysis at TEMP = -2.000000 and TNOM = 27.000000

Using SPARSE 1.3 as Direct Linear Solver

No. of Data Rows : 1
Reset re-loads circuit *lib "$PDK_ROOT/sky130A/libs.tech/ngspice/sky130.lib.spice" tt

Circuit: *lib "$PDK_ROOT/sky130A/libs.tech/ngspice/sky130.lib.spice" tt

Doing analysis at TEMP = -1.000000 and TNOM = 27.000000

Using SPARSE 1.3 as Direct Linear Solver

No. of Data Rows : 1
Reset re-loads circuit *lib "$PDK_ROOT/sky130A/libs.tech/ngspice/sky130.lib.spice" tt

Circuit: *lib "$PDK_ROOT/sky130A/libs.tech/ngspice/sky130.lib.spice" tt

Doing analysis at TEMP = 0.000000 and TNOM = 27.000000

Using SPARSE 1.3 as Direct Linear Solver

No. of Data Rows : 1
Reset re-loads circuit *lib "$PDK_ROOT/sky130A/libs.tech/ngspice/sky130.lib.spice" tt

Circuit: *lib "$PDK_ROOT/sky130A/libs.tech/ngspice/sky130.lib.spice" tt

Doing analysis at TEMP = 1.000000 and TNOM = 27.000000

Using SPARSE 1.3 as Direct Linear Solver

No. of Data Rows : 1
Reset re-loads circuit *lib "$PDK_ROOT/sky130A/libs.tech/ngspice/sky130.lib.spice" tt

Circuit: *lib "$PDK_ROOT/sky130A/libs.tech/ngspice/sky130.lib.spice" tt

Doing analysis at TEMP = 2.000000 and TNOM = 27.000000

Using SPARSE 1.3 as Direct Linear Solver

No. of Data Rows : 1
Reset re-loads circuit *lib "$PDK_ROOT/sky130A/libs.tech/ngspice/sky130.lib.spice" tt

Circuit: *lib "$PDK_ROOT/sky130A/libs.tech/ngspice/sky130.lib.spice" tt

Doing analysis at TEMP = 3.000000 and TNOM = 27.000000

Using SPARSE 1.3 as Direct Linear Solver

No. of Data Rows : 1
Reset re-loads circuit *lib "$PDK_ROOT/sky130A/libs.tech/ngspice/sky130.lib.spice" tt

Circuit: *lib "$PDK_ROOT/sky130A/libs.tech/ngspice/sky130.lib.spice" tt

Doing analysis at TEMP = 4.000000 and TNOM = 27.000000

Using SPARSE 1.3 as Direct Linear Solver

No. of Data Rows : 1
Reset re-loads circuit *lib "$PDK_ROOT/sky130A/libs.tech/ngspice/sky130.lib.spice" tt

Circuit: *lib "$PDK_ROOT/sky130A/libs.tech/ngspice/sky130.lib.spice" tt

Doing analysis at TEMP = 5.000000 and TNOM = 27.000000

Using SPARSE 1.3 as Direct Linear Solver

No. of Data Rows : 1
Reset re-loads circuit *lib "$PDK_ROOT/sky130A/libs.tech/ngspice/sky130.lib.spice" tt

Circuit: *lib "$PDK_ROOT/sky130A/libs.tech/ngspice/sky130.lib.spice" tt

Doing analysis at TEMP = 6.000000 and TNOM = 27.000000

Using SPARSE 1.3 as Direct Linear Solver

No. of Data Rows : 1
Reset re-loads circuit *lib "$PDK_ROOT/sky130A/libs.tech/ngspice/sky130.lib.spice" tt

Circuit: *lib "$PDK_ROOT/sky130A/libs.tech/ngspice/sky130.lib.spice" tt

Doing analysis at TEMP = 7.000000 and TNOM = 27.000000

Using SPARSE 1.3 as Direct Linear Solver

No. of Data Rows : 1
Reset re-loads circuit *lib "$PDK_ROOT/sky130A/libs.tech/ngspice/sky130.lib.spice" tt

Circuit: *lib "$PDK_ROOT/sky130A/libs.tech/ngspice/sky130.lib.spice" tt

Doing analysis at TEMP = 8.000000 and TNOM = 27.000000

Using SPARSE 1.3 as Direct Linear Solver

No. of Data Rows : 1
Reset re-loads circuit *lib "$PDK_ROOT/sky130A/libs.tech/ngspice/sky130.lib.spice" tt

Circuit: *lib "$PDK_ROOT/sky130A/libs.tech/ngspice/sky130.lib.spice" tt

Doing analysis at TEMP = 9.000000 and TNOM = 27.000000

Using SPARSE 1.3 as Direct Linear Solver

No. of Data Rows : 1
Reset re-loads circuit *lib "$PDK_ROOT/sky130A/libs.tech/ngspice/sky130.lib.spice" tt

Circuit: *lib "$PDK_ROOT/sky130A/libs.tech/ngspice/sky130.lib.spice" tt

Doing analysis at TEMP = 10.000000 and TNOM = 27.000000

Using SPARSE 1.3 as Direct Linear Solver

No. of Data Rows : 1
Reset re-loads circuit *lib "$PDK_ROOT/sky130A/libs.tech/ngspice/sky130.lib.spice" tt

Circuit: *lib "$PDK_ROOT/sky130A/libs.tech/ngspice/sky130.lib.spice" tt

Doing analysis at TEMP = 11.000000 and TNOM = 27.000000

Using SPARSE 1.3 as Direct Linear Solver

No. of Data Rows : 1
Reset re-loads circuit *lib "$PDK_ROOT/sky130A/libs.tech/ngspice/sky130.lib.spice" tt

Circuit: *lib "$PDK_ROOT/sky130A/libs.tech/ngspice/sky130.lib.spice" tt

Doing analysis at TEMP = 12.000000 and TNOM = 27.000000

Using SPARSE 1.3 as Direct Linear Solver

No. of Data Rows : 1
Reset re-loads circuit *lib "$PDK_ROOT/sky130A/libs.tech/ngspice/sky130.lib.spice" tt

Circuit: *lib "$PDK_ROOT/sky130A/libs.tech/ngspice/sky130.lib.spice" tt

Doing analysis at TEMP = 13.000000 and TNOM = 27.000000

Using SPARSE 1.3 as Direct Linear Solver

No. of Data Rows : 1
Reset re-loads circuit *lib "$PDK_ROOT/sky130A/libs.tech/ngspice/sky130.lib.spice" tt

Circuit: *lib "$PDK_ROOT/sky130A/libs.tech/ngspice/sky130.lib.spice" tt

Doing analysis at TEMP = 14.000000 and TNOM = 27.000000

Using SPARSE 1.3 as Direct Linear Solver

No. of Data Rows : 1
Reset re-loads circuit *lib "$PDK_ROOT/sky130A/libs.tech/ngspice/sky130.lib.spice" tt

Circuit: *lib "$PDK_ROOT/sky130A/libs.tech/ngspice/sky130.lib.spice" tt

Doing analysis at TEMP = 15.000000 and TNOM = 27.000000

Using SPARSE 1.3 as Direct Linear Solver

No. of Data Rows : 1
Reset re-loads circuit *lib "$PDK_ROOT/sky130A/libs.tech/ngspice/sky130.lib.spice" tt

Circuit: *lib "$PDK_ROOT/sky130A/libs.tech/ngspice/sky130.lib.spice" tt

Doing analysis at TEMP = 16.000000 and TNOM = 27.000000

Using SPARSE 1.3 as Direct Linear Solver

No. of Data Rows : 1
Reset re-loads circuit *lib "$PDK_ROOT/sky130A/libs.tech/ngspice/sky130.lib.spice" tt

Circuit: *lib "$PDK_ROOT/sky130A/libs.tech/ngspice/sky130.lib.spice" tt

Doing analysis at TEMP = 17.000000 and TNOM = 27.000000

Using SPARSE 1.3 as Direct Linear Solver

No. of Data Rows : 1
Reset re-loads circuit *lib "$PDK_ROOT/sky130A/libs.tech/ngspice/sky130.lib.spice" tt

Circuit: *lib "$PDK_ROOT/sky130A/libs.tech/ngspice/sky130.lib.spice" tt

Doing analysis at TEMP = 18.000000 and TNOM = 27.000000

Using SPARSE 1.3 as Direct Linear Solver

No. of Data Rows : 1
Reset re-loads circuit *lib "$PDK_ROOT/sky130A/libs.tech/ngspice/sky130.lib.spice" tt

Circuit: *lib "$PDK_ROOT/sky130A/libs.tech/ngspice/sky130.lib.spice" tt

Doing analysis at TEMP = 19.000000 and TNOM = 27.000000

Using SPARSE 1.3 as Direct Linear Solver

No. of Data Rows : 1
Reset re-loads circuit *lib "$PDK_ROOT/sky130A/libs.tech/ngspice/sky130.lib.spice" tt

Circuit: *lib "$PDK_ROOT/sky130A/libs.tech/ngspice/sky130.lib.spice" tt

Doing analysis at TEMP = 20.000000 and TNOM = 27.000000

Using SPARSE 1.3 as Direct Linear Solver

No. of Data Rows : 1
Reset re-loads circuit *lib "$PDK_ROOT/sky130A/libs.tech/ngspice/sky130.lib.spice" tt

Circuit: *lib "$PDK_ROOT/sky130A/libs.tech/ngspice/sky130.lib.spice" tt

Doing analysis at TEMP = 21.000000 and TNOM = 27.000000

Using SPARSE 1.3 as Direct Linear Solver

No. of Data Rows : 1
Reset re-loads circuit *lib "$PDK_ROOT/sky130A/libs.tech/ngspice/sky130.lib.spice" tt

Circuit: *lib "$PDK_ROOT/sky130A/libs.tech/ngspice/sky130.lib.spice" tt

Doing analysis at TEMP = 22.000000 and TNOM = 27.000000

Using SPARSE 1.3 as Direct Linear Solver

No. of Data Rows : 1
Reset re-loads circuit *lib "$PDK_ROOT/sky130A/libs.tech/ngspice/sky130.lib.spice" tt

Circuit: *lib "$PDK_ROOT/sky130A/libs.tech/ngspice/sky130.lib.spice" tt

Doing analysis at TEMP = 23.000000 and TNOM = 27.000000

Using SPARSE 1.3 as Direct Linear Solver

No. of Data Rows : 1
Reset re-loads circuit *lib "$PDK_ROOT/sky130A/libs.tech/ngspice/sky130.lib.spice" tt

Circuit: *lib "$PDK_ROOT/sky130A/libs.tech/ngspice/sky130.lib.spice" tt

Doing analysis at TEMP = 24.000000 and TNOM = 27.000000

Using SPARSE 1.3 as Direct Linear Solver

No. of Data Rows : 1
Reset re-loads circuit *lib "$PDK_ROOT/sky130A/libs.tech/ngspice/sky130.lib.spice" tt

Circuit: *lib "$PDK_ROOT/sky130A/libs.tech/ngspice/sky130.lib.spice" tt

Doing analysis at TEMP = 25.000000 and TNOM = 27.000000

Using SPARSE 1.3 as Direct Linear Solver

No. of Data Rows : 1
Reset re-loads circuit *lib "$PDK_ROOT/sky130A/libs.tech/ngspice/sky130.lib.spice" tt

Circuit: *lib "$PDK_ROOT/sky130A/libs.tech/ngspice/sky130.lib.spice" tt

Doing analysis at TEMP = 26.000000 and TNOM = 27.000000

Using SPARSE 1.3 as Direct Linear Solver

No. of Data Rows : 1
Reset re-loads circuit *lib "$PDK_ROOT/sky130A/libs.tech/ngspice/sky130.lib.spice" tt

Circuit: *lib "$PDK_ROOT/sky130A/libs.tech/ngspice/sky130.lib.spice" tt

Doing analysis at TEMP = 27.000000 and TNOM = 27.000000

Using SPARSE 1.3 as Direct Linear Solver

No. of Data Rows : 1
Reset re-loads circuit *lib "$PDK_ROOT/sky130A/libs.tech/ngspice/sky130.lib.spice" tt

Circuit: *lib "$PDK_ROOT/sky130A/libs.tech/ngspice/sky130.lib.spice" tt

Doing analysis at TEMP = 28.000000 and TNOM = 27.000000

Using SPARSE 1.3 as Direct Linear Solver

No. of Data Rows : 1
Reset re-loads circuit *lib "$PDK_ROOT/sky130A/libs.tech/ngspice/sky130.lib.spice" tt

Circuit: *lib "$PDK_ROOT/sky130A/libs.tech/ngspice/sky130.lib.spice" tt

Doing analysis at TEMP = 29.000000 and TNOM = 27.000000

Using SPARSE 1.3 as Direct Linear Solver

No. of Data Rows : 1
Reset re-loads circuit *lib "$PDK_ROOT/sky130A/libs.tech/ngspice/sky130.lib.spice" tt

Circuit: *lib "$PDK_ROOT/sky130A/libs.tech/ngspice/sky130.lib.spice" tt

Doing analysis at TEMP = 30.000000 and TNOM = 27.000000

Using SPARSE 1.3 as Direct Linear Solver

No. of Data Rows : 1
Reset re-loads circuit *lib "$PDK_ROOT/sky130A/libs.tech/ngspice/sky130.lib.spice" tt

Circuit: *lib "$PDK_ROOT/sky130A/libs.tech/ngspice/sky130.lib.spice" tt

Doing analysis at TEMP = 31.000000 and TNOM = 27.000000

Using SPARSE 1.3 as Direct Linear Solver

No. of Data Rows : 1
Reset re-loads circuit *lib "$PDK_ROOT/sky130A/libs.tech/ngspice/sky130.lib.spice" tt

Circuit: *lib "$PDK_ROOT/sky130A/libs.tech/ngspice/sky130.lib.spice" tt

Doing analysis at TEMP = 32.000000 and TNOM = 27.000000

Using SPARSE 1.3 as Direct Linear Solver

No. of Data Rows : 1
Reset re-loads circuit *lib "$PDK_ROOT/sky130A/libs.tech/ngspice/sky130.lib.spice" tt

Circuit: *lib "$PDK_ROOT/sky130A/libs.tech/ngspice/sky130.lib.spice" tt

Doing analysis at TEMP = 33.000000 and TNOM = 27.000000

Using SPARSE 1.3 as Direct Linear Solver

No. of Data Rows : 1
Reset re-loads circuit *lib "$PDK_ROOT/sky130A/libs.tech/ngspice/sky130.lib.spice" tt

Circuit: *lib "$PDK_ROOT/sky130A/libs.tech/ngspice/sky130.lib.spice" tt

Doing analysis at TEMP = 34.000000 and TNOM = 27.000000

Using SPARSE 1.3 as Direct Linear Solver

No. of Data Rows : 1
Reset re-loads circuit *lib "$PDK_ROOT/sky130A/libs.tech/ngspice/sky130.lib.spice" tt

Circuit: *lib "$PDK_ROOT/sky130A/libs.tech/ngspice/sky130.lib.spice" tt

Doing analysis at TEMP = 35.000000 and TNOM = 27.000000

Using SPARSE 1.3 as Direct Linear Solver

No. of Data Rows : 1
Reset re-loads circuit *lib "$PDK_ROOT/sky130A/libs.tech/ngspice/sky130.lib.spice" tt

Circuit: *lib "$PDK_ROOT/sky130A/libs.tech/ngspice/sky130.lib.spice" tt

Doing analysis at TEMP = 36.000000 and TNOM = 27.000000

Using SPARSE 1.3 as Direct Linear Solver

No. of Data Rows : 1
Reset re-loads circuit *lib "$PDK_ROOT/sky130A/libs.tech/ngspice/sky130.lib.spice" tt

Circuit: *lib "$PDK_ROOT/sky130A/libs.tech/ngspice/sky130.lib.spice" tt

Doing analysis at TEMP = 37.000000 and TNOM = 27.000000

Using SPARSE 1.3 as Direct Linear Solver

No. of Data Rows : 1
Reset re-loads circuit *lib "$PDK_ROOT/sky130A/libs.tech/ngspice/sky130.lib.spice" tt

Circuit: *lib "$PDK_ROOT/sky130A/libs.tech/ngspice/sky130.lib.spice" tt

Doing analysis at TEMP = 38.000000 and TNOM = 27.000000

Using SPARSE 1.3 as Direct Linear Solver

No. of Data Rows : 1
Reset re-loads circuit *lib "$PDK_ROOT/sky130A/libs.tech/ngspice/sky130.lib.spice" tt

Circuit: *lib "$PDK_ROOT/sky130A/libs.tech/ngspice/sky130.lib.spice" tt

Doing analysis at TEMP = 39.000000 and TNOM = 27.000000

Using SPARSE 1.3 as Direct Linear Solver

No. of Data Rows : 1
Reset re-loads circuit *lib "$PDK_ROOT/sky130A/libs.tech/ngspice/sky130.lib.spice" tt

Circuit: *lib "$PDK_ROOT/sky130A/libs.tech/ngspice/sky130.lib.spice" tt

Doing analysis at TEMP = 40.000000 and TNOM = 27.000000

Using SPARSE 1.3 as Direct Linear Solver

No. of Data Rows : 1
Reset re-loads circuit *lib "$PDK_ROOT/sky130A/libs.tech/ngspice/sky130.lib.spice" tt

Circuit: *lib "$PDK_ROOT/sky130A/libs.tech/ngspice/sky130.lib.spice" tt

Doing analysis at TEMP = 41.000000 and TNOM = 27.000000

Using SPARSE 1.3 as Direct Linear Solver

No. of Data Rows : 1
Reset re-loads circuit *lib "$PDK_ROOT/sky130A/libs.tech/ngspice/sky130.lib.spice" tt

Circuit: *lib "$PDK_ROOT/sky130A/libs.tech/ngspice/sky130.lib.spice" tt

Doing analysis at TEMP = 42.000000 and TNOM = 27.000000

Using SPARSE 1.3 as Direct Linear Solver

No. of Data Rows : 1
Reset re-loads circuit *lib "$PDK_ROOT/sky130A/libs.tech/ngspice/sky130.lib.spice" tt

Circuit: *lib "$PDK_ROOT/sky130A/libs.tech/ngspice/sky130.lib.spice" tt

Doing analysis at TEMP = 43.000000 and TNOM = 27.000000

Using SPARSE 1.3 as Direct Linear Solver

No. of Data Rows : 1
Reset re-loads circuit *lib "$PDK_ROOT/sky130A/libs.tech/ngspice/sky130.lib.spice" tt

Circuit: *lib "$PDK_ROOT/sky130A/libs.tech/ngspice/sky130.lib.spice" tt

Doing analysis at TEMP = 44.000000 and TNOM = 27.000000

Using SPARSE 1.3 as Direct Linear Solver

No. of Data Rows : 1
Reset re-loads circuit *lib "$PDK_ROOT/sky130A/libs.tech/ngspice/sky130.lib.spice" tt

Circuit: *lib "$PDK_ROOT/sky130A/libs.tech/ngspice/sky130.lib.spice" tt

Doing analysis at TEMP = 45.000000 and TNOM = 27.000000

Using SPARSE 1.3 as Direct Linear Solver

No. of Data Rows : 1
Reset re-loads circuit *lib "$PDK_ROOT/sky130A/libs.tech/ngspice/sky130.lib.spice" tt

Circuit: *lib "$PDK_ROOT/sky130A/libs.tech/ngspice/sky130.lib.spice" tt

Doing analysis at TEMP = 46.000000 and TNOM = 27.000000

Using SPARSE 1.3 as Direct Linear Solver

No. of Data Rows : 1
Reset re-loads circuit *lib "$PDK_ROOT/sky130A/libs.tech/ngspice/sky130.lib.spice" tt

Circuit: *lib "$PDK_ROOT/sky130A/libs.tech/ngspice/sky130.lib.spice" tt

Doing analysis at TEMP = 47.000000 and TNOM = 27.000000

Using SPARSE 1.3 as Direct Linear Solver

No. of Data Rows : 1
Reset re-loads circuit *lib "$PDK_ROOT/sky130A/libs.tech/ngspice/sky130.lib.spice" tt

Circuit: *lib "$PDK_ROOT/sky130A/libs.tech/ngspice/sky130.lib.spice" tt

Doing analysis at TEMP = 48.000000 and TNOM = 27.000000

Using SPARSE 1.3 as Direct Linear Solver

No. of Data Rows : 1
Reset re-loads circuit *lib "$PDK_ROOT/sky130A/libs.tech/ngspice/sky130.lib.spice" tt

Circuit: *lib "$PDK_ROOT/sky130A/libs.tech/ngspice/sky130.lib.spice" tt

Doing analysis at TEMP = 49.000000 and TNOM = 27.000000

Using SPARSE 1.3 as Direct Linear Solver

No. of Data Rows : 1
Reset re-loads circuit *lib "$PDK_ROOT/sky130A/libs.tech/ngspice/sky130.lib.spice" tt

Circuit: *lib "$PDK_ROOT/sky130A/libs.tech/ngspice/sky130.lib.spice" tt

Doing analysis at TEMP = 50.000000 and TNOM = 27.000000

Using SPARSE 1.3 as Direct Linear Solver

No. of Data Rows : 1
Reset re-loads circuit *lib "$PDK_ROOT/sky130A/libs.tech/ngspice/sky130.lib.spice" tt

Circuit: *lib "$PDK_ROOT/sky130A/libs.tech/ngspice/sky130.lib.spice" tt

Doing analysis at TEMP = 51.000000 and TNOM = 27.000000

Using SPARSE 1.3 as Direct Linear Solver

No. of Data Rows : 1
Reset re-loads circuit *lib "$PDK_ROOT/sky130A/libs.tech/ngspice/sky130.lib.spice" tt

Circuit: *lib "$PDK_ROOT/sky130A/libs.tech/ngspice/sky130.lib.spice" tt

Doing analysis at TEMP = 52.000000 and TNOM = 27.000000

Using SPARSE 1.3 as Direct Linear Solver

No. of Data Rows : 1
Reset re-loads circuit *lib "$PDK_ROOT/sky130A/libs.tech/ngspice/sky130.lib.spice" tt

Circuit: *lib "$PDK_ROOT/sky130A/libs.tech/ngspice/sky130.lib.spice" tt

Doing analysis at TEMP = 53.000000 and TNOM = 27.000000

Using SPARSE 1.3 as Direct Linear Solver

No. of Data Rows : 1
Reset re-loads circuit *lib "$PDK_ROOT/sky130A/libs.tech/ngspice/sky130.lib.spice" tt

Circuit: *lib "$PDK_ROOT/sky130A/libs.tech/ngspice/sky130.lib.spice" tt

Doing analysis at TEMP = 54.000000 and TNOM = 27.000000

Using SPARSE 1.3 as Direct Linear Solver

No. of Data Rows : 1
Reset re-loads circuit *lib "$PDK_ROOT/sky130A/libs.tech/ngspice/sky130.lib.spice" tt

Circuit: *lib "$PDK_ROOT/sky130A/libs.tech/ngspice/sky130.lib.spice" tt

Doing analysis at TEMP = 55.000000 and TNOM = 27.000000

Using SPARSE 1.3 as Direct Linear Solver

No. of Data Rows : 1
Reset re-loads circuit *lib "$PDK_ROOT/sky130A/libs.tech/ngspice/sky130.lib.spice" tt

Circuit: *lib "$PDK_ROOT/sky130A/libs.tech/ngspice/sky130.lib.spice" tt

Doing analysis at TEMP = 56.000000 and TNOM = 27.000000

Using SPARSE 1.3 as Direct Linear Solver

No. of Data Rows : 1
Reset re-loads circuit *lib "$PDK_ROOT/sky130A/libs.tech/ngspice/sky130.lib.spice" tt

Circuit: *lib "$PDK_ROOT/sky130A/libs.tech/ngspice/sky130.lib.spice" tt

Doing analysis at TEMP = 57.000000 and TNOM = 27.000000

Using SPARSE 1.3 as Direct Linear Solver

No. of Data Rows : 1
Reset re-loads circuit *lib "$PDK_ROOT/sky130A/libs.tech/ngspice/sky130.lib.spice" tt

Circuit: *lib "$PDK_ROOT/sky130A/libs.tech/ngspice/sky130.lib.spice" tt

Doing analysis at TEMP = 58.000000 and TNOM = 27.000000

Using SPARSE 1.3 as Direct Linear Solver

No. of Data Rows : 1
Reset re-loads circuit *lib "$PDK_ROOT/sky130A/libs.tech/ngspice/sky130.lib.spice" tt

Circuit: *lib "$PDK_ROOT/sky130A/libs.tech/ngspice/sky130.lib.spice" tt

Doing analysis at TEMP = 59.000000 and TNOM = 27.000000

Using SPARSE 1.3 as Direct Linear Solver

No. of Data Rows : 1
Reset re-loads circuit *lib "$PDK_ROOT/sky130A/libs.tech/ngspice/sky130.lib.spice" tt

Circuit: *lib "$PDK_ROOT/sky130A/libs.tech/ngspice/sky130.lib.spice" tt

Doing analysis at TEMP = 60.000000 and TNOM = 27.000000

Using SPARSE 1.3 as Direct Linear Solver

No. of Data Rows : 1
Reset re-loads circuit *lib "$PDK_ROOT/sky130A/libs.tech/ngspice/sky130.lib.spice" tt

Circuit: *lib "$PDK_ROOT/sky130A/libs.tech/ngspice/sky130.lib.spice" tt

Doing analysis at TEMP = 61.000000 and TNOM = 27.000000

Using SPARSE 1.3 as Direct Linear Solver

No. of Data Rows : 1
Reset re-loads circuit *lib "$PDK_ROOT/sky130A/libs.tech/ngspice/sky130.lib.spice" tt

Circuit: *lib "$PDK_ROOT/sky130A/libs.tech/ngspice/sky130.lib.spice" tt

Doing analysis at TEMP = 62.000000 and TNOM = 27.000000

Using SPARSE 1.3 as Direct Linear Solver

No. of Data Rows : 1
Reset re-loads circuit *lib "$PDK_ROOT/sky130A/libs.tech/ngspice/sky130.lib.spice" tt

Circuit: *lib "$PDK_ROOT/sky130A/libs.tech/ngspice/sky130.lib.spice" tt

Doing analysis at TEMP = 63.000000 and TNOM = 27.000000

Using SPARSE 1.3 as Direct Linear Solver

No. of Data Rows : 1
Reset re-loads circuit *lib "$PDK_ROOT/sky130A/libs.tech/ngspice/sky130.lib.spice" tt

Circuit: *lib "$PDK_ROOT/sky130A/libs.tech/ngspice/sky130.lib.spice" tt

Doing analysis at TEMP = 64.000000 and TNOM = 27.000000

Using SPARSE 1.3 as Direct Linear Solver

No. of Data Rows : 1
Reset re-loads circuit *lib "$PDK_ROOT/sky130A/libs.tech/ngspice/sky130.lib.spice" tt

Circuit: *lib "$PDK_ROOT/sky130A/libs.tech/ngspice/sky130.lib.spice" tt

Doing analysis at TEMP = 65.000000 and TNOM = 27.000000

Using SPARSE 1.3 as Direct Linear Solver

No. of Data Rows : 1
Reset re-loads circuit *lib "$PDK_ROOT/sky130A/libs.tech/ngspice/sky130.lib.spice" tt

Circuit: *lib "$PDK_ROOT/sky130A/libs.tech/ngspice/sky130.lib.spice" tt

Doing analysis at TEMP = 66.000000 and TNOM = 27.000000

Using SPARSE 1.3 as Direct Linear Solver

No. of Data Rows : 1
Reset re-loads circuit *lib "$PDK_ROOT/sky130A/libs.tech/ngspice/sky130.lib.spice" tt

Circuit: *lib "$PDK_ROOT/sky130A/libs.tech/ngspice/sky130.lib.spice" tt

Doing analysis at TEMP = 67.000000 and TNOM = 27.000000

Using SPARSE 1.3 as Direct Linear Solver

No. of Data Rows : 1
Reset re-loads circuit *lib "$PDK_ROOT/sky130A/libs.tech/ngspice/sky130.lib.spice" tt

Circuit: *lib "$PDK_ROOT/sky130A/libs.tech/ngspice/sky130.lib.spice" tt

Doing analysis at TEMP = 68.000000 and TNOM = 27.000000

Using SPARSE 1.3 as Direct Linear Solver

No. of Data Rows : 1
Reset re-loads circuit *lib "$PDK_ROOT/sky130A/libs.tech/ngspice/sky130.lib.spice" tt

Circuit: *lib "$PDK_ROOT/sky130A/libs.tech/ngspice/sky130.lib.spice" tt

Doing analysis at TEMP = 69.000000 and TNOM = 27.000000

Using SPARSE 1.3 as Direct Linear Solver

No. of Data Rows : 1
Reset re-loads circuit *lib "$PDK_ROOT/sky130A/libs.tech/ngspice/sky130.lib.spice" tt

Circuit: *lib "$PDK_ROOT/sky130A/libs.tech/ngspice/sky130.lib.spice" tt

Doing analysis at TEMP = 70.000000 and TNOM = 27.000000

Using SPARSE 1.3 as Direct Linear Solver

No. of Data Rows : 1
Reset re-loads circuit *lib "$PDK_ROOT/sky130A/libs.tech/ngspice/sky130.lib.spice" tt

Circuit: *lib "$PDK_ROOT/sky130A/libs.tech/ngspice/sky130.lib.spice" tt

Doing analysis at TEMP = 71.000000 and TNOM = 27.000000

Using SPARSE 1.3 as Direct Linear Solver

No. of Data Rows : 1
Reset re-loads circuit *lib "$PDK_ROOT/sky130A/libs.tech/ngspice/sky130.lib.spice" tt

Circuit: *lib "$PDK_ROOT/sky130A/libs.tech/ngspice/sky130.lib.spice" tt

Doing analysis at TEMP = 72.000000 and TNOM = 27.000000

Using SPARSE 1.3 as Direct Linear Solver

No. of Data Rows : 1
Reset re-loads circuit *lib "$PDK_ROOT/sky130A/libs.tech/ngspice/sky130.lib.spice" tt

Circuit: *lib "$PDK_ROOT/sky130A/libs.tech/ngspice/sky130.lib.spice" tt

Doing analysis at TEMP = 73.000000 and TNOM = 27.000000

Using SPARSE 1.3 as Direct Linear Solver

No. of Data Rows : 1
Reset re-loads circuit *lib "$PDK_ROOT/sky130A/libs.tech/ngspice/sky130.lib.spice" tt

Circuit: *lib "$PDK_ROOT/sky130A/libs.tech/ngspice/sky130.lib.spice" tt

Doing analysis at TEMP = 74.000000 and TNOM = 27.000000

Using SPARSE 1.3 as Direct Linear Solver

No. of Data Rows : 1
Reset re-loads circuit *lib "$PDK_ROOT/sky130A/libs.tech/ngspice/sky130.lib.spice" tt

Circuit: *lib "$PDK_ROOT/sky130A/libs.tech/ngspice/sky130.lib.spice" tt

Doing analysis at TEMP = 75.000000 and TNOM = 27.000000

Using SPARSE 1.3 as Direct Linear Solver

No. of Data Rows : 1
Reset re-loads circuit *lib "$PDK_ROOT/sky130A/libs.tech/ngspice/sky130.lib.spice" tt

Circuit: *lib "$PDK_ROOT/sky130A/libs.tech/ngspice/sky130.lib.spice" tt

Doing analysis at TEMP = 76.000000 and TNOM = 27.000000

Using SPARSE 1.3 as Direct Linear Solver

No. of Data Rows : 1
Reset re-loads circuit *lib "$PDK_ROOT/sky130A/libs.tech/ngspice/sky130.lib.spice" tt

Circuit: *lib "$PDK_ROOT/sky130A/libs.tech/ngspice/sky130.lib.spice" tt

Doing analysis at TEMP = 77.000000 and TNOM = 27.000000

Using SPARSE 1.3 as Direct Linear Solver

No. of Data Rows : 1
Reset re-loads circuit *lib "$PDK_ROOT/sky130A/libs.tech/ngspice/sky130.lib.spice" tt

Circuit: *lib "$PDK_ROOT/sky130A/libs.tech/ngspice/sky130.lib.spice" tt

Doing analysis at TEMP = 78.000000 and TNOM = 27.000000

Using SPARSE 1.3 as Direct Linear Solver

No. of Data Rows : 1
Reset re-loads circuit *lib "$PDK_ROOT/sky130A/libs.tech/ngspice/sky130.lib.spice" tt

Circuit: *lib "$PDK_ROOT/sky130A/libs.tech/ngspice/sky130.lib.spice" tt

Doing analysis at TEMP = 79.000000 and TNOM = 27.000000

Using SPARSE 1.3 as Direct Linear Solver

No. of Data Rows : 1
Reset re-loads circuit *lib "$PDK_ROOT/sky130A/libs.tech/ngspice/sky130.lib.spice" tt

Circuit: *lib "$PDK_ROOT/sky130A/libs.tech/ngspice/sky130.lib.spice" tt

Doing analysis at TEMP = 80.000000 and TNOM = 27.000000

Using SPARSE 1.3 as Direct Linear Solver

No. of Data Rows : 1
Reset re-loads circuit *lib "$PDK_ROOT/sky130A/libs.tech/ngspice/sky130.lib.spice" tt

Circuit: *lib "$PDK_ROOT/sky130A/libs.tech/ngspice/sky130.lib.spice" tt

Doing analysis at TEMP = 81.000000 and TNOM = 27.000000

Using SPARSE 1.3 as Direct Linear Solver

No. of Data Rows : 1
Reset re-loads circuit *lib "$PDK_ROOT/sky130A/libs.tech/ngspice/sky130.lib.spice" tt

Circuit: *lib "$PDK_ROOT/sky130A/libs.tech/ngspice/sky130.lib.spice" tt

Doing analysis at TEMP = 82.000000 and TNOM = 27.000000

Using SPARSE 1.3 as Direct Linear Solver

No. of Data Rows : 1
Reset re-loads circuit *lib "$PDK_ROOT/sky130A/libs.tech/ngspice/sky130.lib.spice" tt

Circuit: *lib "$PDK_ROOT/sky130A/libs.tech/ngspice/sky130.lib.spice" tt

Doing analysis at TEMP = 83.000000 and TNOM = 27.000000

Using SPARSE 1.3 as Direct Linear Solver

No. of Data Rows : 1
Reset re-loads circuit *lib "$PDK_ROOT/sky130A/libs.tech/ngspice/sky130.lib.spice" tt

Circuit: *lib "$PDK_ROOT/sky130A/libs.tech/ngspice/sky130.lib.spice" tt

Doing analysis at TEMP = 84.000000 and TNOM = 27.000000

Using SPARSE 1.3 as Direct Linear Solver

No. of Data Rows : 1
Reset re-loads circuit *lib "$PDK_ROOT/sky130A/libs.tech/ngspice/sky130.lib.spice" tt

Circuit: *lib "$PDK_ROOT/sky130A/libs.tech/ngspice/sky130.lib.spice" tt

Doing analysis at TEMP = 85.000000 and TNOM = 27.000000

Using SPARSE 1.3 as Direct Linear Solver

No. of Data Rows : 1
Reset re-loads circuit *lib "$PDK_ROOT/sky130A/libs.tech/ngspice/sky130.lib.spice" tt

Circuit: *lib "$PDK_ROOT/sky130A/libs.tech/ngspice/sky130.lib.spice" tt

Doing analysis at TEMP = 86.000000 and TNOM = 27.000000

Using SPARSE 1.3 as Direct Linear Solver

No. of Data Rows : 1
Reset re-loads circuit *lib "$PDK_ROOT/sky130A/libs.tech/ngspice/sky130.lib.spice" tt

Circuit: *lib "$PDK_ROOT/sky130A/libs.tech/ngspice/sky130.lib.spice" tt

Doing analysis at TEMP = 87.000000 and TNOM = 27.000000

Using SPARSE 1.3 as Direct Linear Solver

No. of Data Rows : 1
Reset re-loads circuit *lib "$PDK_ROOT/sky130A/libs.tech/ngspice/sky130.lib.spice" tt

Circuit: *lib "$PDK_ROOT/sky130A/libs.tech/ngspice/sky130.lib.spice" tt

Doing analysis at TEMP = 88.000000 and TNOM = 27.000000

Using SPARSE 1.3 as Direct Linear Solver

No. of Data Rows : 1
Reset re-loads circuit *lib "$PDK_ROOT/sky130A/libs.tech/ngspice/sky130.lib.spice" tt

Circuit: *lib "$PDK_ROOT/sky130A/libs.tech/ngspice/sky130.lib.spice" tt

Doing analysis at TEMP = 89.000000 and TNOM = 27.000000

Using SPARSE 1.3 as Direct Linear Solver

No. of Data Rows : 1
Reset re-loads circuit *lib "$PDK_ROOT/sky130A/libs.tech/ngspice/sky130.lib.spice" tt

Circuit: *lib "$PDK_ROOT/sky130A/libs.tech/ngspice/sky130.lib.spice" tt

Doing analysis at TEMP = 90.000000 and TNOM = 27.000000

Using SPARSE 1.3 as Direct Linear Solver

No. of Data Rows : 1
Reset re-loads circuit *lib "$PDK_ROOT/sky130A/libs.tech/ngspice/sky130.lib.spice" tt

Circuit: *lib "$PDK_ROOT/sky130A/libs.tech/ngspice/sky130.lib.spice" tt

Doing analysis at TEMP = 91.000000 and TNOM = 27.000000

Using SPARSE 1.3 as Direct Linear Solver

No. of Data Rows : 1
Reset re-loads circuit *lib "$PDK_ROOT/sky130A/libs.tech/ngspice/sky130.lib.spice" tt

Circuit: *lib "$PDK_ROOT/sky130A/libs.tech/ngspice/sky130.lib.spice" tt

Doing analysis at TEMP = 92.000000 and TNOM = 27.000000

Using SPARSE 1.3 as Direct Linear Solver

No. of Data Rows : 1
Reset re-loads circuit *lib "$PDK_ROOT/sky130A/libs.tech/ngspice/sky130.lib.spice" tt

Circuit: *lib "$PDK_ROOT/sky130A/libs.tech/ngspice/sky130.lib.spice" tt

Doing analysis at TEMP = 93.000000 and TNOM = 27.000000

Using SPARSE 1.3 as Direct Linear Solver

No. of Data Rows : 1
Reset re-loads circuit *lib "$PDK_ROOT/sky130A/libs.tech/ngspice/sky130.lib.spice" tt

Circuit: *lib "$PDK_ROOT/sky130A/libs.tech/ngspice/sky130.lib.spice" tt

Doing analysis at TEMP = 94.000000 and TNOM = 27.000000

Using SPARSE 1.3 as Direct Linear Solver

No. of Data Rows : 1
Reset re-loads circuit *lib "$PDK_ROOT/sky130A/libs.tech/ngspice/sky130.lib.spice" tt

Circuit: *lib "$PDK_ROOT/sky130A/libs.tech/ngspice/sky130.lib.spice" tt

Doing analysis at TEMP = 95.000000 and TNOM = 27.000000

Using SPARSE 1.3 as Direct Linear Solver

No. of Data Rows : 1
Reset re-loads circuit *lib "$PDK_ROOT/sky130A/libs.tech/ngspice/sky130.lib.spice" tt

Circuit: *lib "$PDK_ROOT/sky130A/libs.tech/ngspice/sky130.lib.spice" tt

Doing analysis at TEMP = 96.000000 and TNOM = 27.000000

Using SPARSE 1.3 as Direct Linear Solver

No. of Data Rows : 1
Reset re-loads circuit *lib "$PDK_ROOT/sky130A/libs.tech/ngspice/sky130.lib.spice" tt

Circuit: *lib "$PDK_ROOT/sky130A/libs.tech/ngspice/sky130.lib.spice" tt

Doing analysis at TEMP = 97.000000 and TNOM = 27.000000

Using SPARSE 1.3 as Direct Linear Solver

No. of Data Rows : 1
Reset re-loads circuit *lib "$PDK_ROOT/sky130A/libs.tech/ngspice/sky130.lib.spice" tt

Circuit: *lib "$PDK_ROOT/sky130A/libs.tech/ngspice/sky130.lib.spice" tt

Doing analysis at TEMP = 98.000000 and TNOM = 27.000000

Using SPARSE 1.3 as Direct Linear Solver

No. of Data Rows : 1
Reset re-loads circuit *lib "$PDK_ROOT/sky130A/libs.tech/ngspice/sky130.lib.spice" tt

Circuit: *lib "$PDK_ROOT/sky130A/libs.tech/ngspice/sky130.lib.spice" tt

Doing analysis at TEMP = 99.000000 and TNOM = 27.000000

Using SPARSE 1.3 as Direct Linear Solver

No. of Data Rows : 1
Reset re-loads circuit *lib "$PDK_ROOT/sky130A/libs.tech/ngspice/sky130.lib.spice" tt

Circuit: *lib "$PDK_ROOT/sky130A/libs.tech/ngspice/sky130.lib.spice" tt

Doing analysis at TEMP = 100.000000 and TNOM = 27.000000

Using SPARSE 1.3 as Direct Linear Solver

No. of Data Rows : 1
Reset re-loads circuit *lib "$PDK_ROOT/sky130A/libs.tech/ngspice/sky130.lib.spice" tt

Circuit: *lib "$PDK_ROOT/sky130A/libs.tech/ngspice/sky130.lib.spice" tt

Doing analysis at TEMP = 101.000000 and TNOM = 27.000000

Using SPARSE 1.3 as Direct Linear Solver

No. of Data Rows : 1
Reset re-loads circuit *lib "$PDK_ROOT/sky130A/libs.tech/ngspice/sky130.lib.spice" tt

Circuit: *lib "$PDK_ROOT/sky130A/libs.tech/ngspice/sky130.lib.spice" tt

Doing analysis at TEMP = 102.000000 and TNOM = 27.000000

Using SPARSE 1.3 as Direct Linear Solver

No. of Data Rows : 1
Reset re-loads circuit *lib "$PDK_ROOT/sky130A/libs.tech/ngspice/sky130.lib.spice" tt

Circuit: *lib "$PDK_ROOT/sky130A/libs.tech/ngspice/sky130.lib.spice" tt

Doing analysis at TEMP = 103.000000 and TNOM = 27.000000

Using SPARSE 1.3 as Direct Linear Solver

No. of Data Rows : 1
Reset re-loads circuit *lib "$PDK_ROOT/sky130A/libs.tech/ngspice/sky130.lib.spice" tt

Circuit: *lib "$PDK_ROOT/sky130A/libs.tech/ngspice/sky130.lib.spice" tt

Doing analysis at TEMP = 104.000000 and TNOM = 27.000000

Using SPARSE 1.3 as Direct Linear Solver

No. of Data Rows : 1
Reset re-loads circuit *lib "$PDK_ROOT/sky130A/libs.tech/ngspice/sky130.lib.spice" tt

Circuit: *lib "$PDK_ROOT/sky130A/libs.tech/ngspice/sky130.lib.spice" tt

Doing analysis at TEMP = 105.000000 and TNOM = 27.000000

Using SPARSE 1.3 as Direct Linear Solver

No. of Data Rows : 1
Reset re-loads circuit *lib "$PDK_ROOT/sky130A/libs.tech/ngspice/sky130.lib.spice" tt

Circuit: *lib "$PDK_ROOT/sky130A/libs.tech/ngspice/sky130.lib.spice" tt

Doing analysis at TEMP = 106.000000 and TNOM = 27.000000

Using SPARSE 1.3 as Direct Linear Solver

No. of Data Rows : 1
Reset re-loads circuit *lib "$PDK_ROOT/sky130A/libs.tech/ngspice/sky130.lib.spice" tt

Circuit: *lib "$PDK_ROOT/sky130A/libs.tech/ngspice/sky130.lib.spice" tt

Doing analysis at TEMP = 107.000000 and TNOM = 27.000000

Using SPARSE 1.3 as Direct Linear Solver

No. of Data Rows : 1
Reset re-loads circuit *lib "$PDK_ROOT/sky130A/libs.tech/ngspice/sky130.lib.spice" tt

Circuit: *lib "$PDK_ROOT/sky130A/libs.tech/ngspice/sky130.lib.spice" tt

Doing analysis at TEMP = 108.000000 and TNOM = 27.000000

Using SPARSE 1.3 as Direct Linear Solver

No. of Data Rows : 1
Reset re-loads circuit *lib "$PDK_ROOT/sky130A/libs.tech/ngspice/sky130.lib.spice" tt

Circuit: *lib "$PDK_ROOT/sky130A/libs.tech/ngspice/sky130.lib.spice" tt

Doing analysis at TEMP = 109.000000 and TNOM = 27.000000

Using SPARSE 1.3 as Direct Linear Solver

No. of Data Rows : 1
Reset re-loads circuit *lib "$PDK_ROOT/sky130A/libs.tech/ngspice/sky130.lib.spice" tt

Circuit: *lib "$PDK_ROOT/sky130A/libs.tech/ngspice/sky130.lib.spice" tt

Doing analysis at TEMP = 110.000000 and TNOM = 27.000000

Using SPARSE 1.3 as Direct Linear Solver

No. of Data Rows : 1
Reset re-loads circuit *lib "$PDK_ROOT/sky130A/libs.tech/ngspice/sky130.lib.spice" tt

Circuit: *lib "$PDK_ROOT/sky130A/libs.tech/ngspice/sky130.lib.spice" tt

Doing analysis at TEMP = 111.000000 and TNOM = 27.000000

Using SPARSE 1.3 as Direct Linear Solver

No. of Data Rows : 1
Reset re-loads circuit *lib "$PDK_ROOT/sky130A/libs.tech/ngspice/sky130.lib.spice" tt

Circuit: *lib "$PDK_ROOT/sky130A/libs.tech/ngspice/sky130.lib.spice" tt

Doing analysis at TEMP = 112.000000 and TNOM = 27.000000

Using SPARSE 1.3 as Direct Linear Solver

No. of Data Rows : 1
Reset re-loads circuit *lib "$PDK_ROOT/sky130A/libs.tech/ngspice/sky130.lib.spice" tt

Circuit: *lib "$PDK_ROOT/sky130A/libs.tech/ngspice/sky130.lib.spice" tt

Doing analysis at TEMP = 113.000000 and TNOM = 27.000000

Using SPARSE 1.3 as Direct Linear Solver

No. of Data Rows : 1
Reset re-loads circuit *lib "$PDK_ROOT/sky130A/libs.tech/ngspice/sky130.lib.spice" tt

Circuit: *lib "$PDK_ROOT/sky130A/libs.tech/ngspice/sky130.lib.spice" tt

Doing analysis at TEMP = 114.000000 and TNOM = 27.000000

Using SPARSE 1.3 as Direct Linear Solver

No. of Data Rows : 1
Reset re-loads circuit *lib "$PDK_ROOT/sky130A/libs.tech/ngspice/sky130.lib.spice" tt

Circuit: *lib "$PDK_ROOT/sky130A/libs.tech/ngspice/sky130.lib.spice" tt

Doing analysis at TEMP = 115.000000 and TNOM = 27.000000

Using SPARSE 1.3 as Direct Linear Solver

No. of Data Rows : 1
Reset re-loads circuit *lib "$PDK_ROOT/sky130A/libs.tech/ngspice/sky130.lib.spice" tt

Circuit: *lib "$PDK_ROOT/sky130A/libs.tech/ngspice/sky130.lib.spice" tt

Doing analysis at TEMP = 116.000000 and TNOM = 27.000000

Using SPARSE 1.3 as Direct Linear Solver

No. of Data Rows : 1
Reset re-loads circuit *lib "$PDK_ROOT/sky130A/libs.tech/ngspice/sky130.lib.spice" tt

Circuit: *lib "$PDK_ROOT/sky130A/libs.tech/ngspice/sky130.lib.spice" tt

Doing analysis at TEMP = 117.000000 and TNOM = 27.000000

Using SPARSE 1.3 as Direct Linear Solver

No. of Data Rows : 1
Reset re-loads circuit *lib "$PDK_ROOT/sky130A/libs.tech/ngspice/sky130.lib.spice" tt

Circuit: *lib "$PDK_ROOT/sky130A/libs.tech/ngspice/sky130.lib.spice" tt

Doing analysis at TEMP = 118.000000 and TNOM = 27.000000

Using SPARSE 1.3 as Direct Linear Solver

No. of Data Rows : 1
Reset re-loads circuit *lib "$PDK_ROOT/sky130A/libs.tech/ngspice/sky130.lib.spice" tt

Circuit: *lib "$PDK_ROOT/sky130A/libs.tech/ngspice/sky130.lib.spice" tt

Doing analysis at TEMP = 119.000000 and TNOM = 27.000000

Using SPARSE 1.3 as Direct Linear Solver

No. of Data Rows : 1
Reset re-loads circuit *lib "$PDK_ROOT/sky130A/libs.tech/ngspice/sky130.lib.spice" tt

Circuit: *lib "$PDK_ROOT/sky130A/libs.tech/ngspice/sky130.lib.spice" tt

Doing analysis at TEMP = 120.000000 and TNOM = 27.000000

Using SPARSE 1.3 as Direct Linear Solver

No. of Data Rows : 1
Reset re-loads circuit *lib "$PDK_ROOT/sky130A/libs.tech/ngspice/sky130.lib.spice" tt

Circuit: *lib "$PDK_ROOT/sky130A/libs.tech/ngspice/sky130.lib.spice" tt

Doing analysis at TEMP = 121.000000 and TNOM = 27.000000

Using SPARSE 1.3 as Direct Linear Solver

No. of Data Rows : 1
Reset re-loads circuit *lib "$PDK_ROOT/sky130A/libs.tech/ngspice/sky130.lib.spice" tt

Circuit: *lib "$PDK_ROOT/sky130A/libs.tech/ngspice/sky130.lib.spice" tt

Doing analysis at TEMP = 122.000000 and TNOM = 27.000000

Using SPARSE 1.3 as Direct Linear Solver

No. of Data Rows : 1
Reset re-loads circuit *lib "$PDK_ROOT/sky130A/libs.tech/ngspice/sky130.lib.spice" tt

Circuit: *lib "$PDK_ROOT/sky130A/libs.tech/ngspice/sky130.lib.spice" tt

Doing analysis at TEMP = 123.000000 and TNOM = 27.000000

Using SPARSE 1.3 as Direct Linear Solver

No. of Data Rows : 1
Reset re-loads circuit *lib "$PDK_ROOT/sky130A/libs.tech/ngspice/sky130.lib.spice" tt

Circuit: *lib "$PDK_ROOT/sky130A/libs.tech/ngspice/sky130.lib.spice" tt

Doing analysis at TEMP = 124.000000 and TNOM = 27.000000

Using SPARSE 1.3 as Direct Linear Solver

No. of Data Rows : 1
Reset re-loads circuit *lib "$PDK_ROOT/sky130A/libs.tech/ngspice/sky130.lib.spice" tt

Circuit: *lib "$PDK_ROOT/sky130A/libs.tech/ngspice/sky130.lib.spice" tt

Doing analysis at TEMP = 125.000000 and TNOM = 27.000000

Using SPARSE 1.3 as Direct Linear Solver

No. of Data Rows : 1
Reset re-loads circuit *lib "$PDK_ROOT/sky130A/libs.tech/ngspice/sky130.lib.spice" tt

Circuit: *lib "$PDK_ROOT/sky130A/libs.tech/ngspice/sky130.lib.spice" tt

Note: Simulation executed from .control section 
